<html><body>
<div class="cf-turnstile" data-sitekey="1x00000000000000000000AA" wire:ignore data-callback="captchaCallback" data-expired-callback="captchaExpired" data-timeout-callback="captchaExpired"></div>

    <script>
        function captchaCallback(token) {
            @this.set("captcha", token);
        }

        function captchaExpired() {
            window.turnstile.reset()
        }
    </script>
</body></html>
